
> freelancer@0.0.0 build
> tsc -b && vite build

[36mvite v7.3.1 [32mbuilding client environment for production...[36m[39m
transforming...
[32mΓ£ô[39m 28 modules transformed.
node.exe : 
[31mΓ£ù[39m Build 
failed in 536ms
At C:\Program Files\nod
ejs\npm.ps1:29 char:3
+   & $NODE_EXE 
$NPM_CLI_JS $args
+   ~~~~~~~~~~~~~~~~~~~
~~~~~~~~~~
    + CategoryInfo     
         : NotSpecifi  
  ed: ([31mΓ£ù[39m   
  Build failed in 5    
36ms:String) [], R    
emoteException
    + FullyQualifiedEr 
   rorId : NativeComm  
  andError
 
[31merror during 
build:
[31m[vite:css] 
[postcss] It looks 
like you're trying to 
use `tailwindcss` 
directly as a PostCSS 
plugin. The PostCSS 
plugin has moved to a 
separate package, so 
to continue using 
Tailwind CSS with 
PostCSS you'll need to 
install 
`@tailwindcss/postcss` 
and update your 
PostCSS 
configuration.[31m
file: [36mC:/Users/pbh
av/OneDrive/Desktop/fre
elancer/src/index.css:u
ndefined:NaN[31m
    at at (C:\Users\pbh
av\OneDrive\Desktop\fre
elancer\node_modules\ta
ilwindcss\dist\lib.js:3
8:1643)
    at 
LazyResult.runOnRoot (C
:\Users\pbhav\OneDrive\
Desktop\freelancer\node
_modules\postcss\lib\la
zy-result.js:361:16)
    at 
LazyResult.runAsync (C:
\Users\pbhav\OneDrive\D
esktop\freelancer\node_
modules\postcss\lib\laz
y-result.js:290:26)
    at async 
runPostCSS (file:///C:/
Users/pbhav/OneDrive/De
sktop/freelancer/node_m
odules/vite/dist/node/c
hunks/config.js:30145:1
9)
    at async 
compilePostCSS (file://
/C:/Users/pbhav/OneDriv
e/Desktop/freelancer/no
de_modules/vite/dist/no
de/chunks/config.js:301
29:6)
    at async 
compileCSS (file:///C:/
Users/pbhav/OneDrive/De
sktop/freelancer/node_m
odules/vite/dist/node/c
hunks/config.js:30059:2
6)
    at async 
Object.handler (file://
/C:/Users/pbhav/OneDriv
e/Desktop/freelancer/no
de_modules/vite/dist/no
de/chunks/config.js:295
92:54)
    at async transform 
(file:///C:/Users/pbhav
/OneDrive/Desktop/freel
ancer/node_modules/roll
up/dist/es/shared/node-
entry.js:21269:16)
    at async ModuleLoad
er.addModuleSource (fil
e:///C:/Users/pbhav/One
Drive/Desktop/freelance
r/node_modules/rollup/d
ist/es/shared/node-entr
y.js:21497:36)[39m
